Copyright 1986-2022 Xilinx, Inc. All Rights Reserved.
------------------------------------------------------------------------------------
| Tool Version : Vivado v.2022.2 (win64) Build 3671981 Fri Oct 14 05:00:03 MDT 2022
| Date         : Fri May  9 12:22:10 2025
| Host         : DESKTOP-227SA2M running 64-bit major release  (build 9200)
| Command      : report_control_sets -verbose -file top_control_sets_placed.rpt
| Design       : top
| Device       : xc7s50
------------------------------------------------------------------------------------

Control Set Information

Table of Contents
-----------------
1. Summary
2. Histogram
3. Flip-Flop Distribution
4. Detailed Control Set Information

1. Summary
----------

+----------------------------------------------------------+-------+
|                          Status                          | Count |
+----------------------------------------------------------+-------+
| Total control sets                                       |    82 |
|    Minimum number of control sets                        |    82 |
|    Addition due to synthesis replication                 |     0 |
|    Addition due to physical synthesis replication        |     0 |
| Unused register locations in slices containing registers |   205 |
+----------------------------------------------------------+-------+
* Control sets can be merged at opt_design using control_set_merge or merge_equivalent_drivers
** Run report_qor_suggestions for automated merging and remapping suggestions


2. Histogram
------------

+--------------------+-------+
|       Fanout       | Count |
+--------------------+-------+
| Total control sets |    82 |
| >= 0 to < 4        |     0 |
| >= 4 to < 6        |     2 |
| >= 6 to < 8        |    60 |
| >= 8 to < 10       |     0 |
| >= 10 to < 12      |     8 |
| >= 12 to < 14      |     2 |
| >= 14 to < 16      |     0 |
| >= 16              |    10 |
+--------------------+-------+
* Control sets can be remapped at either synth_design or opt_design


3. Flip-Flop Distribution
-------------------------

+--------------+-----------------------+------------------------+-----------------+--------------+
| Clock Enable | Synchronous Set/Reset | Asynchronous Set/Reset | Total Registers | Total Slices |
+--------------+-----------------------+------------------------+-----------------+--------------+
| No           | No                    | No                     |             116 |           45 |
| No           | No                    | Yes                    |              84 |           51 |
| No           | Yes                   | No                     |              69 |           47 |
| Yes          | No                    | No                     |               0 |            0 |
| Yes          | No                    | Yes                    |              55 |           16 |
| Yes          | Yes                   | No                     |             527 |          226 |
+--------------+-----------------------+------------------------+-----------------+--------------+


4. Detailed Control Set Information
-----------------------------------

+------------------------+-------------------------------------------------------------------------+----------------------------------------+------------------+----------------+--------------+
|      Clock Signal      |                              Enable Signal                              |            Set/Reset Signal            | Slice Load Count | Bel Load Count | Bels / Slice |
+------------------------+-------------------------------------------------------------------------+----------------------------------------+------------------+----------------+--------------+
|  clk_wiz/inst/clk_out1 | poker_game/round_fsm/deal_count[3]_i_1_n_0                              | reset_rtl_0_IBUF                       |                2 |              4 |         2.00 |
|  clk_wiz/inst/clk_out1 | poker_game/round_fsm/comparator/idx[4]_i_1_n_0                          | reset_rtl_0_IBUF                       |                1 |              5 |         5.00 |
|  clk_wiz/inst/clk_out1 | poker_game/round_fsm/deck/rand_num_gen/top_card_idx_reg[0]_4[0]         | reset_rtl_0_IBUF                       |                2 |              6 |         3.00 |
|  clk_wiz/inst/clk_out1 | poker_game/round_fsm/flop_cards_reg[2][rank]0                           | reset_rtl_0_IBUF                       |                2 |              6 |         3.00 |
|  clk_wiz/inst/clk_out1 | poker_game/round_fsm/flop_cards_reg[0][rank]0                           | reset_rtl_0_IBUF                       |                3 |              6 |         2.00 |
|  clk_wiz/inst/clk_out1 | poker_game/round_fsm/input_cards_reg[1][rank]0                          | reset_rtl_0_IBUF                       |                3 |              6 |         2.00 |
|  clk_wiz/inst/clk_out1 | poker_game/round_fsm/river_card_reg[rank]0                              | reset_rtl_0_IBUF                       |                3 |              6 |         2.00 |
|  clk_wiz/inst/clk_out1 | poker_game/round_fsm/turn_card_reg[rank]0                               | reset_rtl_0_IBUF                       |                3 |              6 |         2.00 |
|  clk_wiz/inst/clk_out1 | poker_game/round_fsm/deck/rand_num_gen/E[0]                             | reset_rtl_0_IBUF                       |                2 |              6 |         3.00 |
|  clk_wiz/inst/clk_out1 | poker_game/round_fsm/deck/rand_num_gen/FSM_sequential_state_reg[1]_0[0] | reset_rtl_0_IBUF                       |                3 |              6 |         2.00 |
|  clk_wiz/inst/clk_out1 | poker_game/round_fsm/deck/rand_num_gen/FSM_sequential_state_reg[1]_1[0] | reset_rtl_0_IBUF                       |                2 |              6 |         3.00 |
|  clk_wiz/inst/clk_out1 | poker_game/round_fsm/deck/rand_num_gen/top_card_idx_reg[3]_3[0]         | reset_rtl_0_IBUF                       |                3 |              6 |         2.00 |
|  clk_wiz/inst/clk_out1 | poker_game/round_fsm/deck/rand_num_gen/top_card_idx_reg[0]_11[0]        | reset_rtl_0_IBUF                       |                4 |              6 |         1.50 |
|  clk_wiz/inst/clk_out1 | poker_game/round_fsm/deck/rand_num_gen/top_card_idx_reg[2]_0[0]         | reset_rtl_0_IBUF                       |                1 |              6 |         6.00 |
|  clk_wiz/inst/clk_out1 | poker_game/round_fsm/deck/rand_num_gen/top_card_idx_reg[0]_0[0]         | reset_rtl_0_IBUF                       |                4 |              6 |         1.50 |
|  clk_wiz/inst/clk_out1 | poker_game/round_fsm/deck/rand_num_gen/top_card_idx_reg[0]_1[0]         | reset_rtl_0_IBUF                       |                2 |              6 |         3.00 |
|  clk_wiz/inst/clk_out1 | poker_game/round_fsm/deck/rand_num_gen/top_card_idx_reg[1]_6[0]         | reset_rtl_0_IBUF                       |                3 |              6 |         2.00 |
|  clk_wiz/inst/clk_out1 | poker_game/round_fsm/deck/rand_num_gen/top_card_idx_reg[2]_1[0]         | reset_rtl_0_IBUF                       |                2 |              6 |         3.00 |
|  clk_wiz/inst/clk_out1 | poker_game/round_fsm/deck/rand_num_gen/top_card_idx_reg[0]_12[0]        | reset_rtl_0_IBUF                       |                3 |              6 |         2.00 |
|  clk_wiz/inst/clk_out1 | poker_game/round_fsm/deck/rand_num_gen/top_card_idx_reg[2]_3[0]         | reset_rtl_0_IBUF                       |                3 |              6 |         2.00 |
|  clk_wiz/inst/clk_out1 | poker_game/round_fsm/deck/rand_num_gen/top_card_idx_reg[3]_6[0]         | reset_rtl_0_IBUF                       |                3 |              6 |         2.00 |
|  clk_wiz/inst/clk_out1 | poker_game/round_fsm/deck/rand_num_gen/top_card_idx_reg[2]_2[0]         | reset_rtl_0_IBUF                       |                3 |              6 |         2.00 |
|  clk_wiz/inst/clk_out1 | poker_game/round_fsm/deck/rand_num_gen/top_card_idx_reg[1]_7[0]         | reset_rtl_0_IBUF                       |                2 |              6 |         3.00 |
|  clk_wiz/inst/clk_out1 | poker_game/round_fsm/deck/rand_num_gen/top_card_idx_reg[2]_5[0]         | reset_rtl_0_IBUF                       |                2 |              6 |         3.00 |
|  clk_wiz/inst/clk_out1 | poker_game/round_fsm/deck/rand_num_gen/top_card_idx_reg[0]_2[0]         | reset_rtl_0_IBUF                       |                4 |              6 |         1.50 |
|  clk_wiz/inst/clk_out1 | poker_game/round_fsm/deck/rand_num_gen/top_card_idx_reg[3]_4[0]         | reset_rtl_0_IBUF                       |                2 |              6 |         3.00 |
|  clk_wiz/inst/clk_out1 | poker_game/round_fsm/deck/rand_num_gen/top_card_idx_reg[0]_3[0]         | reset_rtl_0_IBUF                       |                2 |              6 |         3.00 |
|  clk_wiz/inst/clk_out1 | poker_game/round_fsm/deck/rand_num_gen/top_card_idx_reg[2][0]           | reset_rtl_0_IBUF                       |                3 |              6 |         2.00 |
|  clk_wiz/inst/clk_out1 | poker_game/round_fsm/deck/rand_num_gen/top_card_idx_reg[0]_15[0]        | reset_rtl_0_IBUF                       |                3 |              6 |         2.00 |
|  clk_wiz/inst/clk_out1 | poker_game/round_fsm/deck/rand_num_gen/top_card_idx_reg[1]_3[0]         | reset_rtl_0_IBUF                       |                2 |              6 |         3.00 |
|  clk_wiz/inst/clk_out1 | poker_game/round_fsm/deck/rand_num_gen/top_card_idx_reg[0]_10[0]        | reset_rtl_0_IBUF                       |                3 |              6 |         2.00 |
|  clk_wiz/inst/clk_out1 | poker_game/round_fsm/deck/rand_num_gen/top_card_idx_reg[2]_4[0]         | reset_rtl_0_IBUF                       |                2 |              6 |         3.00 |
|  clk_wiz/inst/clk_out1 | poker_game/round_fsm/deck/rand_num_gen/top_card_idx_reg[3]_0[0]         | reset_rtl_0_IBUF                       |                1 |              6 |         6.00 |
|  clk_wiz/inst/clk_out1 | poker_game/round_fsm/deck/rand_num_gen/top_card_idx_reg[1]_4[0]         | reset_rtl_0_IBUF                       |                3 |              6 |         2.00 |
|  clk_wiz/inst/clk_out1 | poker_game/round_fsm/deck/rand_num_gen/top_card_idx_reg[3]_5[0]         | reset_rtl_0_IBUF                       |                3 |              6 |         2.00 |
|  clk_wiz/inst/clk_out1 | poker_game/round_fsm/deck/rand_num_gen/top_card_idx_reg[4][0]           | reset_rtl_0_IBUF                       |                3 |              6 |         2.00 |
|  clk_wiz/inst/clk_out1 | poker_game/round_fsm/deck/rand_num_gen/top_card_idx_reg[5][0]           | reset_rtl_0_IBUF                       |                1 |              6 |         6.00 |
|  clk_wiz/inst/clk_out1 | poker_game/round_fsm/deck/rand_num_gen/top_card_idx_reg[0]_6[0]         | reset_rtl_0_IBUF                       |                4 |              6 |         1.50 |
|  clk_wiz/inst/clk_out1 | poker_game/round_fsm/deck/rand_num_gen/top_card_idx_reg[0]_9[0]         | reset_rtl_0_IBUF                       |                4 |              6 |         1.50 |
|  clk_wiz/inst/clk_out1 | poker_game/round_fsm/deck/rand_num_gen/top_card_idx_reg[1]_8[0]         | reset_rtl_0_IBUF                       |                2 |              6 |         3.00 |
|  clk_wiz/inst/clk_out1 | poker_game/round_fsm/deck/rand_num_gen/top_card_idx_reg[3][0]           | reset_rtl_0_IBUF                       |                5 |              6 |         1.20 |
|  clk_wiz/inst/clk_out1 | poker_game/round_fsm/deck/rand_num_gen/FSM_sequential_state_reg[1][0]   | reset_rtl_0_IBUF                       |                3 |              6 |         2.00 |
|  clk_wiz/inst/clk_out1 | poker_game/round_fsm/deck/rand_num_gen/top_card_idx_reg[0]_14[0]        | reset_rtl_0_IBUF                       |                4 |              6 |         1.50 |
|  clk_wiz/inst/clk_out1 | poker_game/round_fsm/deck/rand_num_gen/top_card_idx_reg[0]_13[0]        | reset_rtl_0_IBUF                       |                2 |              6 |         3.00 |
|  clk_wiz/inst/clk_out1 | poker_game/round_fsm/deck/rand_num_gen/top_card_idx_reg[0]_7[0]         | reset_rtl_0_IBUF                       |                4 |              6 |         1.50 |
|  clk_wiz/inst/clk_out1 | poker_game/round_fsm/deck/rand_num_gen/top_card_idx_reg[1]_0[0]         | reset_rtl_0_IBUF                       |                2 |              6 |         3.00 |
|  clk_wiz/inst/clk_out1 | poker_game/round_fsm/deck/rand_num_gen/top_card_idx_reg[1]_1[0]         | reset_rtl_0_IBUF                       |                2 |              6 |         3.00 |
|  clk_wiz/inst/clk_out1 | poker_game/round_fsm/deck/rand_num_gen/top_card_idx_reg[5]_1[0]         | reset_rtl_0_IBUF                       |                2 |              6 |         3.00 |
|  clk_wiz/inst/clk_out1 | poker_game/round_fsm/deck/rand_num_gen/top_card_idx_reg[0]_8[0]         | reset_rtl_0_IBUF                       |                2 |              6 |         3.00 |
|  clk_wiz/inst/clk_out1 | poker_game/round_fsm/deck/rand_num_gen/top_card_idx_reg[0]_16[0]        | reset_rtl_0_IBUF                       |                4 |              6 |         1.50 |
|  clk_wiz/inst/clk_out1 | poker_game/round_fsm/deck/rand_num_gen/top_card_idx_reg[0][0]           | reset_rtl_0_IBUF                       |                2 |              6 |         3.00 |
|  clk_wiz/inst/clk_out1 | poker_game/round_fsm/deck/rand_num_gen/top_card_idx_reg[1]_5[0]         | reset_rtl_0_IBUF                       |                2 |              6 |         3.00 |
|  clk_wiz/inst/clk_out1 | poker_game/round_fsm/deck/rand_num_gen/top_card_idx_reg[3]_1[0]         | reset_rtl_0_IBUF                       |                2 |              6 |         3.00 |
|  clk_wiz/inst/clk_out1 | poker_game/round_fsm/deck/rand_num_gen/top_card_idx_reg[5]_0[0]         | reset_rtl_0_IBUF                       |                2 |              6 |         3.00 |
|  clk_wiz/inst/clk_out1 | poker_game/round_fsm/deck/rand_num_gen/top_card_idx_reg[1]_2[0]         | reset_rtl_0_IBUF                       |                4 |              6 |         1.50 |
|  clk_wiz/inst/clk_out1 | poker_game/round_fsm/deck/rand_num_gen/top_card_idx_reg[3]_2[0]         | reset_rtl_0_IBUF                       |                3 |              6 |         2.00 |
|  clk_wiz/inst/clk_out1 | poker_game/round_fsm/deck/rand_num_gen/top_card_idx_reg[0]_5[0]         | reset_rtl_0_IBUF                       |                2 |              6 |         3.00 |
|  clk_wiz/inst/clk_out1 | poker_game/round_fsm/deck/rand_num_gen/top_card_idx_reg[2]_6[0]         | reset_rtl_0_IBUF                       |                2 |              6 |         3.00 |
|  clk_wiz/inst/clk_out1 | poker_game/round_fsm/deck/rand_num_gen/top_card_idx_reg[1][0]           | reset_rtl_0_IBUF                       |                3 |              6 |         2.00 |
|  clk_wiz/inst/clk_out1 | poker_game/round_fsm/deck/top_card_idx                                  | reset_rtl_0_IBUF                       |                4 |              6 |         1.50 |
|  clk_wiz/inst/clk_out1 | poker_game/round_fsm/input_cards_reg[0][rank]0                          | reset_rtl_0_IBUF                       |                4 |              6 |         1.50 |
|  clk_wiz/inst/clk_out1 | poker_game/round_fsm/flop_cards_reg[1][rank]0                           | reset_rtl_0_IBUF                       |                2 |              6 |         3.00 |
|  clk_wiz/inst/clk_out1 | vga/vc                                                                  | reset_rtl_0_IBUF                       |                6 |             10 |         1.67 |
|  clk_wiz/inst/clk_out1 | poker_game/round_fsm/player1/stack1_in                                  | poker_game/round_fsm/player1/stack[10] |                3 |             10 |         3.33 |
|  clk_wiz/inst/clk_out1 | poker_game/round_fsm/player2/stack[10]_i_2__0_n_0                       | poker_game/round_fsm/player2/stack[10] |                3 |             10 |         3.33 |
|  clk_wiz/inst/clk_out1 | poker_game/round_fsm/min_bet_or_raise[10]_i_1_n_0                       | reset_rtl_0_IBUF                       |                4 |             11 |         2.75 |
|  clk_wiz/inst/clk_out1 | poker_game/round_fsm/pot_size[10]_i_1_n_0                               | reset_rtl_0_IBUF                       |                4 |             11 |         2.75 |
|  clk_wiz/inst/clk_out1 | poker_game/round_fsm/sb_invested_chips[10]_i_1_n_0                      | reset_rtl_0_IBUF                       |                5 |             11 |         2.20 |
|  clk_wiz/inst/clk_out1 | poker_game/round_fsm/bb_invested_chips[10]_i_1_n_0                      | reset_rtl_0_IBUF                       |                6 |             11 |         1.83 |
|  clk_wiz/inst/clk_out1 | poker_game/round_fsm/deck/E[0]                                          | reset_rtl_0_IBUF                       |                7 |             11 |         1.57 |
|  clk_wiz/inst/clk_out1 | poker_game/round_fsm/player2/hole_cards[0][rank][3]_i_1__0_n_0          | reset_rtl_0_IBUF                       |                8 |             12 |         1.50 |
|  clk_wiz/inst/clk_out1 | poker_game/round_fsm/player1/hole_cards                                 | reset_rtl_0_IBUF                       |                6 |             12 |         2.00 |
|  clk_IBUF_BUFG         | button_sync[3]/counter[0]_i_2_n_0                                       | button_sync[3]/counter[0]_i_1_n_0      |                4 |             16 |         4.00 |
|  clk_IBUF_BUFG         | button_sync[1]/counter[0]_i_2__1_n_0                                    | button_sync[1]/counter[0]_i_1__1_n_0   |                4 |             16 |         4.00 |
|  clk_IBUF_BUFG         | button_sync[2]/counter[0]_i_2__0_n_0                                    | button_sync[2]/counter[0]_i_1__0_n_0   |                4 |             16 |         4.00 |
|  clk_IBUF_BUFG         | button_sync[0]/counter[0]_i_2__2_n_0                                    | button_sync[0]/counter[0]_i_1__2_n_0   |                4 |             16 |         4.00 |
|  clk_wiz/inst/clk_out1 | poker_game/round_fsm/comparator/eval1/E[0]                              | reset_rtl_0_IBUF                       |                4 |             20 |         5.00 |
|  clk_wiz/inst/clk_out1 | poker_game/round_fsm/comparator/eval2/E[0]                              | reset_rtl_0_IBUF                       |                5 |             20 |         4.00 |
|  clk_wiz/inst/clk_out1 |                                                                         | vga_to_hdmi/inst/encr/AR[0]            |               25 |             42 |         1.68 |
|  clk_IBUF_BUFG         |                                                                         |                                        |               17 |             43 |         2.53 |
|  clk_wiz/inst/clk_out1 |                                                                         |                                        |               31 |             89 |         2.87 |
|  clk_wiz/inst/clk_out1 |                                                                         | reset_rtl_0_IBUF                       |               73 |            111 |         1.52 |
+------------------------+-------------------------------------------------------------------------+----------------------------------------+------------------+----------------+--------------+


